ctrl d in minishell should not exit bash

files that dont execute dont kill the child (readme.md, ctrl+d, ctrl+d )
ctrl+c in heredoc (child does not die)
<< lm | echo b  //handle with ^C
echo "s*".c
  
echo |  "^C"
echo $""
echo $3$3$3$3
echo "'$USER'"
update PWD
error exit code with "^C" with empty line
error exit code with exit sdf


--------------SALEM_TEST----------- (All fixed)

// check all cause in valgrind
echo hi > 1 > 2 > 3
cat < 1 < 2 < 3
chmod 0000 2    //2 is a file
//after changing the permission then exit there is a leak
minishell % cat < 1 < 2 < 3
minishell: 2: Permission denied
minishell %xit
exit 

//invalid read
export 2134@!#$23
 cat << 1

 leaks 
 ls | ls | ls

 repeated spaces
 cat | cat | cat  then CTR C  cause leaks
 sdflkjgasdn\  leaks
  cat < 1 | cat << 1 | cat < 1
  echo hi | grep he

  expand stuff inside heredoc

  exit << 1   // a lot of leaks

  unset a=3  //wrong error messages and exit code
  minishell: export: `a=3': not a valid identifier
minishell % echo $?
0

exit 3 4 // leaks


---------------pending
  unset a=3  //wrong error messages and exit code

-----
cat <<lm
> $USER
> lm
zin
-----

./leak.sh


((cat|""|""ls""|cat" -e")|wc)
followed by CTRLC
exit code sould be 130



-------------------new problem--------------------

((echo a | cat) && (echo b))

echo | ((echo * | cat -e) | wc -w && echo 88)
should not be syntax error

cat (ls)

"(         "

("")

echo "("

cat << O << P

opening minishell inside minishell and then sending sigquit signals and then exiting the minishell child process prints a lot of "Quit" messages


cat /dev/random | head -n 10 | > outfile